

================================================================
== Synthesis Summary Report of 'cnn_accel'
================================================================
+ General Information: 
    * Date:           Sun Aug 30 09:06:59 2026
    * Version:        2025.2 (Build 6295257 on Nov 14 2025)
    * Project:        cnn_accel
    * Solution:       hls (Vivado IP Flow Target)
    * Product family: zynq
    * Target device:  xc7z020-clg484-1
    

* Performance & Resource Estimates: 
+--------------------------------------------+--------+---------------+----------+---------+-------+----------+---------+-----------+-------+----------+---------+-----------+------------+-----+
|                   Modules                  |  Issue |               | Iteration|         |  Trip |          |       Latency       |       |          |         |           |            |     |
|                   & Loops                  |  Type  | Violation Type|  Latency | Interval| Count | Pipelined| (cycles)|    (ns)   | Slack |   BRAM   |   DSP   |     FF    |     LUT    | URAM|
+--------------------------------------------+--------+---------------+----------+---------+-------+----------+---------+-----------+-------+----------+---------+-----------+------------+-----+
|+ cnn_accel                                 |  Timing|              -|         -|  6329661|      -|        no|  6329660|  6.330e+07|  -0.10|  70 (25%)|   4 (1%)|  5037 (4%)|  6131 (11%)|    -|
| + cnn_accel_Pipeline_RD_ROW_RD_COL         |       -|              -|         -|        -|      -|       yes|     1027|  1.027e+04|   0.00|         -|        -|   68 (~0%)|   174 (~0%)|    -|
|  o RD_ROW_RD_COL                           |       -|              -|         3|        1|   1024|       yes|     1025|  1.025e+04|   7.30|         -|        -|          -|           -|    -|
| + cnn_accel_Pipeline_P1_IC_P1_OH_P1_OW     |  Timing|              -|         -|        -|      -|       yes|    16389|  1.639e+05|  -0.10|         -|        -|  113 (~0%)|   346 (~0%)|    -|
|  o P1_IC_P1_OH_P1_OW                       |       -|              -|         5|        1|  16384|       yes|    16387|  1.639e+05|   7.30|         -|        -|          -|           -|    -|
| + cnn_accel_Pipeline_P2_IC_P2_OH_P2_OW     |  Timing|              -|         -|        -|      -|       yes|     8197|  8.197e+04|  -0.04|         -|        -|  106 (~0%)|   334 (~0%)|    -|
|  o P2_IC_P2_OH_P2_OW                       |       -|              -|         5|        1|   8192|       yes|     8195|  8.195e+04|   7.30|         -|        -|          -|           -|    -|
| + cnn_accel_Pipeline_GAP_IC_GAP_H_GAP_W    |  Timing|              -|         -|        -|      -|       yes|     8197|  8.197e+04|  -0.04|         -|        -|  2385 (2%)|   1844 (3%)|    -|
|  o GAP_IC_GAP_H_GAP_W                      |       -|              -|         5|        1|   8192|       yes|     8195|  8.195e+04|   7.30|         -|        -|          -|           -|    -|
| + cnn_accel_Pipeline_DN_OC_DN_IC           |       -|              -|         -|        -|      -|       yes|      134|  1.340e+03|   0.09|         -|  2 (~0%)|  951 (~0%)|    830 (1%)|    -|
|  o DN_OC_DN_IC                             |       -|              -|         6|        1|    128|       yes|      132|  1.320e+03|   7.30|         -|        -|          -|           -|    -|
| o C1_OC                                    |       -|              -|     77955|        -|     16|        no|  1247280|  1.247e+07|   7.30|         -|        -|          -|           -|    -|
|  o C1_OH                                   |       -|              -|      1218|        -|     64|        no|    77952|  7.795e+05|   7.30|         -|        -|          -|           -|    -|
|   o C1_OW                                  |       -|              -|        19|        -|     64|        no|     1216|  1.216e+04|   7.30|         -|        -|          -|           -|    -|
|    + cnn_accel_Pipeline_C1_KY_C1_KX        |       -|              -|         -|        -|      -|       yes|       16|    160.000|   0.00|         -|  1 (~0%)|  149 (~0%)|   331 (~0%)|    -|
|     o C1_KY_C1_KX                          |       -|              -|         7|        1|      9|       yes|       14|    140.000|   7.30|         -|        -|          -|           -|    -|
| o C2_OC                                    |       -|              -|    157763|        -|     32|        no|  5048416|  5.048e+07|   7.30|         -|        -|          -|           -|    -|
|  o C2_OH                                   |       -|              -|      4930|        -|     32|        no|   157760|  1.578e+06|   7.30|         -|        -|          -|           -|    -|
|   o C2_OW                                  |       -|              -|       154|        -|     32|        no|     4928|  4.928e+04|   7.30|         -|        -|          -|           -|    -|
|    + cnn_accel_Pipeline_C2_KY_C2_KX_C2_IC  |  Timing|              -|         -|        -|      -|       yes|      151|  1.510e+03|  -0.04|    4 (1%)|  1 (~0%)|  161 (~0%)|   387 (~0%)|    -|
|     o C2_KY_C2_KX_C2_IC                    |       -|              -|         7|        1|    144|       yes|      149|  1.490e+03|   7.30|         -|        -|          -|           -|    -|
+--------------------------------------------+--------+---------------+----------+---------+-------+----------+---------+-----------+-------+----------+---------+-----------+------------+-----+
    Name Prefix: '+' for module, 'o' for loop, '*' for dataflow


================================================================
== HW Interfaces
================================================================
* M_AXI
+------------+------------+------------+---------------+---------+--------+----------+-----------+--------------+--------------+-------------+-------------+-------------------+
| Interface  | Read/Write | Data Width | Address Width | Latency | Offset | Register | Max Widen | Max Read     | Max Write    | Num Read    | Num Write   | Resource Estimate |
|            |            | (SW->HW)   |               |         |        |          | Bitwidth  | Burst Length | Burst Length | Outstanding | Outstanding |                   |
+------------+------------+------------+---------------+---------+--------+----------+-----------+--------------+--------------+-------------+-------------+-------------------+
| m_axi_MBUS | READ_ONLY  | 32 -> 32   | 64            | 0       | slave  | 0        | 0         | 256          | 16           | 4           | 16          | BRAM=2            |
+------------+------------+------------+---------------+---------+--------+----------+-----------+--------------+--------------+-------------+-------------+-------------------+

* S_AXILITE Interfaces
+---------------+------------+---------------+--------+----------+
| Interface     | Data Width | Address Width | Offset | Register |
+---------------+------------+---------------+--------+----------+
| s_axi_CTRL    | 32         | 5             | 16     | 0        |
| s_axi_control | 32         | 5             | 16     | 0        |
+---------------+------------+---------------+--------+----------+

* S_AXILITE Registers
+---------------+--------------+--------+-------+--------+----------------------------------+----------------------------------------------------------------------+
| Interface     | Register     | Offset | Width | Access | Description                      | Bit Fields                                                           |
+---------------+--------------+--------+-------+--------+----------------------------------+----------------------------------------------------------------------+
| s_axi_CTRL    | CTRL         | 0x00   | 32    | RW     | Control signals                  | 0=AP_START 1=AP_DONE 2=AP_IDLE 3=AP_READY 7=AUTO_RESTART 9=INTERRUPT |
| s_axi_CTRL    | GIER         | 0x04   | 32    | RW     | Global Interrupt Enable Register | 0=Enable                                                             |
| s_axi_CTRL    | IP_IER       | 0x08   | 32    | RW     | IP Interrupt Enable Register     | 0=CHAN0_INT_EN 1=CHAN1_INT_EN                                        |
| s_axi_CTRL    | IP_ISR       | 0x0c   | 32    | RW     | IP Interrupt Status Register     | 0=CHAN0_INT_ST 1=CHAN1_INT_ST                                        |
| s_axi_CTRL    | cls_out      | 0x10   | 32    | R      | Data signal of cls_out           |                                                                      |
| s_axi_CTRL    | cls_out_ctrl | 0x14   | 32    | R      | Control signal of cls_out        | 0=cls_out_ap_vld                                                     |
| s_axi_control | in_bram_1    | 0x10   | 32    | W      | Data signal of in_bram           |                                                                      |
| s_axi_control | in_bram_2    | 0x14   | 32    | W      | Data signal of in_bram           |                                                                      |
+---------------+--------------+--------+-------+--------+----------------------------------+----------------------------------------------------------------------+

* TOP LEVEL CONTROL
+-----------+------------+-----------+
| Interface | Type       | Ports     |
+-----------+------------+-----------+
| ap_clk    | clock      | ap_clk    |
| ap_rst_n  | reset      | ap_rst_n  |
| interrupt | interrupt  | interrupt |
| ap_ctrl   | ap_ctrl_hs |           |
+-----------+------------+-----------+


================================================================
== SW I/O Information
================================================================
* Top Function Arguments
+----------+-----------+----------------------+
| Argument | Direction | Datatype             |
+----------+-----------+----------------------+
| in_bram  | in        | unsigned int const * |
| cls_out  | out       | unsigned char*       |
+----------+-----------+----------------------+

* SW-to-HW Mapping
+----------+---------------+-----------+----------+----------------------------------------+
| Argument | HW Interface  | HW Type   | HW Usage | HW Info                                |
+----------+---------------+-----------+----------+----------------------------------------+
| in_bram  | m_axi_MBUS    | interface |          | channel=0                              |
| in_bram  | s_axi_control | register  | offset   | name=in_bram_1 offset=0x10 range=32    |
| in_bram  | s_axi_control | register  | offset   | name=in_bram_2 offset=0x14 range=32    |
| cls_out  | s_axi_CTRL    | register  |          | name=cls_out offset=0x10 range=32      |
| cls_out  | s_axi_CTRL    | register  |          | name=cls_out_ctrl offset=0x14 range=32 |
+----------+---------------+-----------+----------+----------------------------------------+


================================================================
== M_AXI Burst Information
================================================================
 Note: All burst requests might be further partitioned into multiple requests during RTL generation based on max_read_burst_length or max_write_burst_length settings.

* Inferred Burst Summary
+--------------+-----------+--------+-------+--------+----------------------------------------------+
| HW Interface | Direction | Length | Width | Loop   | Loop Location                                |
+--------------+-----------+--------+-------+--------+----------------------------------------------+
| m_axi_MBUS   | read      | 1024   | 32    | RD_ROW | C:/Users/yaduv/Downloads/cnn_accel.cpp:50:13 |
+--------------+-----------+--------+-------+--------+----------------------------------------------+

* All M_AXI Variable Accesses
+--------------+----------+----------------------------------------------+-----------+--------------+--------+--------+----------------------------------------------+------------+-------------------------------------------------------------------------------------------------------+
| HW Interface | Variable | Access Location                              | Direction | Burst Status | Length | Loop   | Loop Location                                | Resolution | Problem                                                                                               |
+--------------+----------+----------------------------------------------+-----------+--------------+--------+--------+----------------------------------------------+------------+-------------------------------------------------------------------------------------------------------+
| m_axi_MBUS   | in_bram  | C:/Users/yaduv/Downloads/cnn_accel.cpp:53:26 | read      | Widen Fail   |        | RD_COL | C:/Users/yaduv/Downloads/cnn_accel.cpp:51:17 | 214-353    | Could not widen since type i32 size is greater than or equal to the max_widen_bitwidth threshold of 0 |
| m_axi_MBUS   | in_bram  | C:/Users/yaduv/Downloads/cnn_accel.cpp:53:26 | read      | Inferred     | 1024   | RD_ROW | C:/Users/yaduv/Downloads/cnn_accel.cpp:50:13 |            |                                                                                                       |
+--------------+----------+----------------------------------------------+-----------+--------------+--------+--------+----------------------------------------------+------------+-------------------------------------------------------------------------------------------------------+

    * Resolution URL: docs.amd.com/access/sources/dita/topic?Doc_Version=2025.2%20English&url=ug1448-hls-guidance&resourceid=XXX-YYY.html (replace XXX-YYY with column value)

================================================================
== Bind Op Report
================================================================
+------------------------------------------+-----+--------+-----------------+-----------+--------------------------+---------+
| Name                                     | DSP | Pragma | Variable        | Op        | Impl                     | Latency |
+------------------------------------------+-----+--------+-----------------+-----------+--------------------------+---------+
| + cnn_accel                              | 4   |        |                 |           |                          |         |
|   icmp_ln74_fu_767_p2                    |     |        | icmp_ln74       | seteq     | auto                     | 0       |
|   add_ln74_fu_773_p2                     |     |        | add_ln74        | add       | fabric                   | 0       |
|   icmp_ln75_fu_793_p2                    |     |        | icmp_ln75       | seteq     | auto                     | 0       |
|   add_ln75_fu_799_p2                     |     |        | add_ln75        | add       | fabric                   | 0       |
|   icmp_ln76_fu_817_p2                    |     |        | icmp_ln76       | seteq     | auto                     | 0       |
|   add_ln76_fu_823_p2                     |     |        | add_ln76        | add       | fabric                   | 0       |
|   icmp_ln95_fu_886_p2                    |     |        | icmp_ln95       | setlt     | auto                     | 0       |
|   icmp_ln96_fu_902_p2                    |     |        | icmp_ln96       | setgt     | auto                     | 0       |
|   select_ln95_1_fu_918_p3                |     |        | select_ln95_1   | select    | auto_sel                 | 0       |
|   or_ln95_fu_926_p2                      |     |        | or_ln95         | or        | auto                     | 0       |
|   select_ln95_fu_932_p3                  |     |        | select_ln95     | select    | auto_sel                 | 0       |
|   icmp_ln123_fu_947_p2                   |     |        | icmp_ln123      | seteq     | auto                     | 0       |
|   add_ln123_fu_953_p2                    |     |        | add_ln123       | add       | fabric                   | 0       |
|   icmp_ln124_fu_968_p2                   |     |        | icmp_ln124      | seteq     | auto                     | 0       |
|   add_ln124_fu_974_p2                    |     |        | add_ln124       | add       | fabric                   | 0       |
|   icmp_ln125_fu_992_p2                   |     |        | icmp_ln125      | seteq     | auto                     | 0       |
|   add_ln125_fu_998_p2                    |     |        | add_ln125       | add       | fabric                   | 0       |
|   icmp_ln143_fu_1061_p2                  |     |        | icmp_ln143      | setlt     | auto                     | 0       |
|   icmp_ln144_fu_1077_p2                  |     |        | icmp_ln144      | setgt     | auto                     | 0       |
|   select_ln143_1_fu_1093_p3              |     |        | select_ln143_1  | select    | auto_sel                 | 0       |
|   or_ln143_fu_1101_p2                    |     |        | or_ln143        | or        | auto                     | 0       |
|   select_ln143_fu_1107_p3                |     |        | select_ln143    | select    | auto_sel                 | 0       |
|   best_fu_1256_p2                        |     |        | best            | setgt     | auto                     | 0       |
|   select_ln203_fu_1262_p3                |     |        | select_ln203    | select    | auto_sel                 | 0       |
|   icmp_ln203_fu_1270_p2                  |     |        | icmp_ln203      | setgt     | auto                     | 0       |
|   best_1_fu_1282_p3                      |     |        | best_1          | select    | auto_sel                 | 0       |
|   sparsemux_7_2_32_1_1_U116              |     |        | tmp_2           | sparsemux | onehotencoding_realdef   | 0       |
|   icmp_ln204_fu_1306_p2                  |     |        | icmp_ln204      | setgt     | auto                     | 0       |
|   best_2_fu_1312_p3                      |     |        | best_2          | select    | auto_sel                 | 0       |
|  + cnn_accel_Pipeline_RD_ROW_RD_COL      | 0   |        |                 |           |                          |         |
|    icmp_ln50_fu_224_p2                   |     |        | icmp_ln50       | seteq     | auto                     | 0       |
|    add_ln50_1_fu_230_p2                  |     |        | add_ln50_1      | add       | fabric                   | 0       |
|    add_ln50_fu_290_p2                    |     |        | add_ln50        | add       | fabric                   | 0       |
|    icmp_ln51_fu_296_p2                   |     |        | icmp_ln51       | seteq     | auto                     | 0       |
|    select_ln50_fu_302_p3                 |     |        | select_ln50     | select    | auto_sel                 | 0       |
|    select_ln50_1_fu_310_p3               |     |        | select_ln50_1   | select    | auto_sel                 | 0       |
|    add_ln51_fu_348_p2                    |     |        | add_ln51        | add       | fabric                   | 0       |
|    add_ln51_1_fu_354_p2                  |     |        | add_ln51_1      | add       | fabric                   | 0       |
|    select_ln51_fu_360_p3                 |     |        | select_ln51     | select    | auto_sel                 | 0       |
|  + cnn_accel_Pipeline_P1_IC_P1_OH_P1_OW  | 0   |        |                 |           |                          |         |
|    icmp_ln105_fu_185_p2                  |     |        | icmp_ln105      | seteq     | auto                     | 0       |
|    add_ln105_1_fu_191_p2                 |     |        | add_ln105_1     | add       | fabric                   | 0       |
|    add_ln105_fu_239_p2                   |     |        | add_ln105       | add       | fabric                   | 0       |
|    icmp_ln106_fu_200_p2                  |     |        | icmp_ln106      | seteq     | auto                     | 0       |
|    select_ln105_fu_245_p3                |     |        | select_ln105    | select    | auto_sel                 | 0       |
|    xor_ln105_fu_252_p2                   |     |        | xor_ln105       | xor       | auto                     | 0       |
|    icmp_ln107_fu_257_p2                  |     |        | icmp_ln107      | seteq     | auto                     | 0       |
|    and_ln105_fu_263_p2                   |     |        | and_ln105       | and       | auto                     | 0       |
|    select_ln105_1_fu_269_p3              |     |        | select_ln105_1  | select    | auto_sel                 | 0       |
|    add_ln106_fu_280_p2                   |     |        | add_ln106       | add       | fabric                   | 0       |
|    empty_fu_286_p2                       |     |        | empty           | or        | auto                     | 0       |
|    ow_1_mid2_fu_291_p3                   |     |        | ow_1_mid2       | select    | auto_sel                 | 0       |
|    select_ln106_fu_299_p3                |     |        | select_ln106    | select    | auto_sel                 | 0       |
|    add_ln109_fu_319_p2                   |     |        | add_ln109       | add       | fabric                   | 0       |
|    add_ln109_1_fu_356_p2                 |     |        | add_ln109_1     | add       | fabric                   | 0       |
|    icmp_ln113_fu_370_p2                  |     |        | icmp_ln113      | setgt     | auto                     | 0       |
|    m0_fu_376_p3                          |     |        | m0              | select    | auto_sel                 | 0       |
|    icmp_ln114_fu_384_p2                  |     |        | icmp_ln114      | setgt     | auto                     | 0       |
|    m1_fu_390_p3                          |     |        | m1              | select    | auto_sel                 | 0       |
|    icmp_ln115_fu_398_p2                  |     |        | icmp_ln115      | setgt     | auto                     | 0       |
|    select_ln115_fu_402_p3                |     |        | select_ln115    | select    | auto_sel                 | 0       |
|    add_ln107_fu_325_p2                   |     |        | add_ln107       | add       | fabric                   | 0       |
|    add_ln106_1_fu_206_p2                 |     |        | add_ln106_1     | add       | fabric                   | 0       |
|    select_ln106_1_fu_212_p3              |     |        | select_ln106_1  | select    | auto_sel                 | 0       |
|  + cnn_accel_Pipeline_C1_KY_C1_KX        | 1   |        |                 |           |                          |         |
|    icmp_ln80_fu_247_p2                   |     |        | icmp_ln80       | seteq     | auto                     | 0       |
|    add_ln80_1_fu_253_p2                  |     |        | add_ln80_1      | add       | fabric                   | 0       |
|    add_ln80_fu_265_p2                    |     |        | add_ln80        | add       | fabric                   | 0       |
|    icmp_ln81_fu_271_p2                   |     |        | icmp_ln81       | seteq     | auto                     | 0       |
|    select_ln80_fu_277_p3                 |     |        | select_ln80     | select    | auto_sel                 | 0       |
|    select_ln80_1_fu_285_p3               |     |        | select_ln80_1   | select    | auto_sel                 | 0       |
|    add_ln83_fu_293_p2                    |     |        | add_ln83        | add       | fabric                   | 0       |
|    add_ln83_1_fu_337_p2                  |     |        | add_ln83_1      | add       | fabric                   | 0       |
|    add_ln84_fu_303_p2                    |     |        | add_ln84        | add       | fabric                   | 0       |
|    add_ln84_1_fu_357_p2                  |     |        | add_ln84_1      | add       | fabric                   | 0       |
|    add_ln88_fu_377_p2                    |     |        | add_ln88        | add       | fabric                   | 0       |
|    or_ln87_fu_391_p2                     |     |        | or_ln87         | or        | auto                     | 0       |
|    icmp_ln87_fu_407_p2                   |     |        | icmp_ln87       | seteq     | auto                     | 0       |
|    sparsemux_9_2_8_1_1_U7                |     |        | tmp             | sparsemux | compactencoding_dontcare | 0       |
|    iv_fu_460_p3                          |     |        | iv              | select    | auto_sel                 | 0       |
|    mac_muladd_8s_8s_19s_19_4_1_U8        | 1   |        | mul_ln90        | mul       | dsp_slice                | 3       |
|    mac_muladd_8s_8s_19s_19_4_1_U8        | 1   |        | sext_ln90_2     | sext      | dsp_slice                | 3       |
|    mac_muladd_8s_8s_19s_19_4_1_U8        | 1   |        | acc             | add       | dsp_slice                | 3       |
|    add_ln81_fu_313_p2                    |     |        | add_ln81        | add       | fabric                   | 0       |
|  + cnn_accel_Pipeline_P2_IC_P2_OH_P2_OW  | 0   |        |                 |           |                          |         |
|    icmp_ln153_fu_187_p2                  |     |        | icmp_ln153      | seteq     | auto                     | 0       |
|    add_ln153_1_fu_193_p2                 |     |        | add_ln153_1     | add       | fabric                   | 0       |
|    add_ln153_fu_241_p2                   |     |        | add_ln153       | add       | fabric                   | 0       |
|    icmp_ln154_fu_202_p2                  |     |        | icmp_ln154      | seteq     | auto                     | 0       |
|    select_ln153_fu_247_p3                |     |        | select_ln153    | select    | auto_sel                 | 0       |
|    xor_ln153_fu_254_p2                   |     |        | xor_ln153       | xor       | auto                     | 0       |
|    icmp_ln155_fu_259_p2                  |     |        | icmp_ln155      | seteq     | auto                     | 0       |
|    and_ln153_fu_265_p2                   |     |        | and_ln153       | and       | auto                     | 0       |
|    select_ln153_1_fu_271_p3              |     |        | select_ln153_1  | select    | auto_sel                 | 0       |
|    add_ln154_fu_282_p2                   |     |        | add_ln154       | add       | fabric                   | 0       |
|    empty_fu_288_p2                       |     |        | empty           | or        | auto                     | 0       |
|    ow_3_mid2_fu_293_p3                   |     |        | ow_3_mid2       | select    | auto_sel                 | 0       |
|    select_ln154_fu_301_p3                |     |        | select_ln154    | select    | auto_sel                 | 0       |
|    add_ln157_fu_321_p2                   |     |        | add_ln157       | add       | fabric                   | 0       |
|    add_ln157_1_fu_358_p2                 |     |        | add_ln157_1     | add       | fabric                   | 0       |
|    icmp_ln161_fu_372_p2                  |     |        | icmp_ln161      | setgt     | auto                     | 0       |
|    m0_fu_378_p3                          |     |        | m0              | select    | auto_sel                 | 0       |
|    icmp_ln162_fu_386_p2                  |     |        | icmp_ln162      | setgt     | auto                     | 0       |
|    m1_fu_392_p3                          |     |        | m1              | select    | auto_sel                 | 0       |
|    icmp_ln163_fu_400_p2                  |     |        | icmp_ln163      | setgt     | auto                     | 0       |
|    select_ln163_fu_404_p3                |     |        | select_ln163    | select    | auto_sel                 | 0       |
|    add_ln155_fu_327_p2                   |     |        | add_ln155       | add       | fabric                   | 0       |
|    add_ln154_1_fu_208_p2                 |     |        | add_ln154_1     | add       | fabric                   | 0       |
|    select_ln154_1_fu_214_p3              |     |        | select_ln154_1  | select    | auto_sel                 | 0       |
|  + cnn_accel_Pipeline_C2_KY_C2_KX_C2_IC  | 1   |        |                 |           |                          |         |
|    icmp_ln129_fu_234_p2                  |     |        | icmp_ln129      | seteq     | auto                     | 0       |
|    add_ln129_1_fu_240_p2                 |     |        | add_ln129_1     | add       | fabric                   | 0       |
|    add_ln129_fu_288_p2                   |     |        | add_ln129       | add       | fabric                   | 0       |
|    icmp_ln130_fu_249_p2                  |     |        | icmp_ln130      | seteq     | auto                     | 0       |
|    select_ln129_fu_294_p3                |     |        | select_ln129    | select    | auto_sel                 | 0       |
|    xor_ln129_fu_301_p2                   |     |        | xor_ln129       | xor       | auto                     | 0       |
|    icmp_ln131_fu_306_p2                  |     |        | icmp_ln131      | seteq     | auto                     | 0       |
|    and_ln129_fu_312_p2                   |     |        | and_ln129       | and       | auto                     | 0       |
|    select_ln129_1_fu_318_p3              |     |        | select_ln129_1  | select    | auto_sel                 | 0       |
|    add_ln130_fu_325_p2                   |     |        | add_ln130       | add       | fabric                   | 0       |
|    empty_fu_331_p2                       |     |        | empty           | or        | auto                     | 0       |
|    ic_4_mid2_fu_336_p3                   |     |        | ic_4_mid2       | select    | auto_sel                 | 0       |
|    select_ln130_fu_348_p3                |     |        | select_ln130    | select    | auto_sel                 | 0       |
|    add_ln133_fu_356_p2                   |     |        | add_ln133       | add       | fabric                   | 0       |
|    add_ln133_1_fu_366_p2                 |     |        | add_ln133_1     | add       | fabric                   | 0       |
|    sub_ln135_fu_423_p2                   |     |        | sub_ln135       | sub       | fabric                   | 0       |
|    add_ln134_fu_375_p2                   |     |        | add_ln134       | add       | fabric                   | 0       |
|    add_ln134_1_fu_441_p2                 |     |        | add_ln134_1     | add       | fabric                   | 0       |
|    or_ln135_fu_460_p2                    |     |        | or_ln135        | or        | auto                     | 0       |
|    icmp_ln135_fu_466_p2                  |     |        | icmp_ln135      | setne     | auto                     | 0       |
|    add_ln136_fu_479_p2                   |     |        | add_ln136       | add       | fabric                   | 0       |
|    add_ln136_1_fu_493_p2                 |     |        | add_ln136_1     | add       | fabric                   | 0       |
|    iv_fu_548_p3                          |     |        | iv              | select    | auto_sel                 | 0       |
|    add_ln137_fu_537_p2                   |     |        | add_ln137       | add       | fabric                   | 0       |
|    mac_muladd_8s_8ns_24s_24_4_1_U26      | 1   |        | mul_ln137       | mul       | dsp_slice                | 3       |
|    mac_muladd_8s_8ns_24s_24_4_1_U26      | 1   |        | sext_ln137_1    | sext      | dsp_slice                | 3       |
|    mac_muladd_8s_8ns_24s_24_4_1_U26      | 1   |        | acc_4           | add       | dsp_slice                | 3       |
|    add_ln131_fu_381_p2                   |     |        | add_ln131       | add       | fabric                   | 0       |
|    add_ln130_1_fu_255_p2                 |     |        | add_ln130_1     | add       | fabric                   | 0       |
|    select_ln130_1_fu_261_p3              |     |        | select_ln130_1  | select    | auto_sel                 | 0       |
|  + cnn_accel_Pipeline_GAP_IC_GAP_H_GAP_W | 0   |        |                 |           |                          |         |
|    icmp_ln174_fu_743_p2                  |     |        | icmp_ln174      | seteq     | auto                     | 0       |
|    add_ln174_1_fu_749_p2                 |     |        | add_ln174_1     | add       | fabric                   | 0       |
|    add_ln174_fu_794_p2                   |     |        | add_ln174       | add       | fabric                   | 0       |
|    icmp_ln176_fu_755_p2                  |     |        | icmp_ln176      | seteq     | auto                     | 0       |
|    select_ln174_fu_800_p3                |     |        | select_ln174    | select    | auto_sel                 | 0       |
|    select_ln174_1_fu_1191_p3             |     |        | select_ln174_1  | select    | auto_sel                 | 0       |
|    xor_ln174_fu_807_p2                   |     |        | xor_ln174       | xor       | auto                     | 0       |
|    icmp_ln177_fu_812_p2                  |     |        | icmp_ln177      | seteq     | auto                     | 0       |
|    and_ln174_fu_818_p2                   |     |        | and_ln174       | and       | auto                     | 0       |
|    select_ln174_2_fu_1198_p3             |     |        | select_ln174_2  | select    | auto_sel                 | 0       |
|    select_ln174_3_fu_1205_p3             |     |        | select_ln174_3  | select    | auto_sel                 | 0       |
|    select_ln174_4_fu_1212_p3             |     |        | select_ln174_4  | select    | auto_sel                 | 0       |
|    select_ln174_5_fu_1219_p3             |     |        | select_ln174_5  | select    | auto_sel                 | 0       |
|    select_ln174_6_fu_1226_p3             |     |        | select_ln174_6  | select    | auto_sel                 | 0       |
|    select_ln174_7_fu_1233_p3             |     |        | select_ln174_7  | select    | auto_sel                 | 0       |
|    select_ln174_8_fu_1240_p3             |     |        | select_ln174_8  | select    | auto_sel                 | 0       |
|    select_ln174_9_fu_1247_p3             |     |        | select_ln174_9  | select    | auto_sel                 | 0       |
|    select_ln174_10_fu_1254_p3            |     |        | select_ln174_10 | select    | auto_sel                 | 0       |
|    select_ln174_11_fu_1261_p3            |     |        | select_ln174_11 | select    | auto_sel                 | 0       |
|    select_ln174_12_fu_1268_p3            |     |        | select_ln174_12 | select    | auto_sel                 | 0       |
|    select_ln174_13_fu_1275_p3            |     |        | select_ln174_13 | select    | auto_sel                 | 0       |
|    select_ln174_14_fu_1282_p3            |     |        | select_ln174_14 | select    | auto_sel                 | 0       |
|    select_ln174_15_fu_1289_p3            |     |        | select_ln174_15 | select    | auto_sel                 | 0       |
|    select_ln174_16_fu_1296_p3            |     |        | select_ln174_16 | select    | auto_sel                 | 0       |
|    select_ln174_17_fu_1303_p3            |     |        | select_ln174_17 | select    | auto_sel                 | 0       |
|    select_ln174_18_fu_1310_p3            |     |        | select_ln174_18 | select    | auto_sel                 | 0       |
|    select_ln174_19_fu_1317_p3            |     |        | select_ln174_19 | select    | auto_sel                 | 0       |
|    select_ln174_20_fu_1324_p3            |     |        | select_ln174_20 | select    | auto_sel                 | 0       |
|    select_ln174_21_fu_1331_p3            |     |        | select_ln174_21 | select    | auto_sel                 | 0       |
|    select_ln174_22_fu_1338_p3            |     |        | select_ln174_22 | select    | auto_sel                 | 0       |
|    select_ln174_23_fu_1345_p3            |     |        | select_ln174_23 | select    | auto_sel                 | 0       |
|    select_ln174_24_fu_1352_p3            |     |        | select_ln174_24 | select    | auto_sel                 | 0       |
|    select_ln174_25_fu_1359_p3            |     |        | select_ln174_25 | select    | auto_sel                 | 0       |
|    select_ln174_26_fu_1366_p3            |     |        | select_ln174_26 | select    | auto_sel                 | 0       |
|    select_ln174_27_fu_1373_p3            |     |        | select_ln174_27 | select    | auto_sel                 | 0       |
|    select_ln174_28_fu_1380_p3            |     |        | select_ln174_28 | select    | auto_sel                 | 0       |
|    select_ln174_29_fu_1387_p3            |     |        | select_ln174_29 | select    | auto_sel                 | 0       |
|    select_ln174_30_fu_1394_p3            |     |        | select_ln174_30 | select    | auto_sel                 | 0       |
|    select_ln174_31_fu_1401_p3            |     |        | select_ln174_31 | select    | auto_sel                 | 0       |
|    select_ln174_32_fu_1408_p3            |     |        | select_ln174_32 | select    | auto_sel                 | 0       |
|    select_ln174_33_fu_1415_p3            |     |        | select_ln174_33 | select    | auto_sel                 | 0       |
|    select_ln174_34_fu_824_p3             |     |        | select_ln174_34 | select    | auto_sel                 | 0       |
|    add_ln176_fu_835_p2                   |     |        | add_ln176       | add       | fabric                   | 0       |
|    empty_fu_841_p2                       |     |        | empty           | or        | auto                     | 0       |
|    w_1_mid2_fu_846_p3                    |     |        | w_1_mid2        | select    | auto_sel                 | 0       |
|    select_ln176_fu_854_p3                |     |        | select_ln176    | select    | auto_sel                 | 0       |
|    add_ln179_fu_893_p2                   |     |        | add_ln179       | add       | fabric                   | 0       |
|    add_ln179_1_fu_910_p2                 |     |        | add_ln179_1     | add       | fabric                   | 0       |
|    s_fu_1425_p2                          |     |        | s               | add       | fabric                   | 0       |
|    add_ln177_fu_862_p2                   |     |        | add_ln177       | add       | fabric                   | 0       |
|    icmp_ln177_1_fu_921_p2                |     |        | icmp_ln177_1    | seteq     | auto                     | 0       |
|    icmp_ln176_1_fu_926_p2                |     |        | icmp_ln176_1    | seteq     | auto                     | 0       |
|    add_ln176_1_fu_761_p2                 |     |        | add_ln176_1     | add       | fabric                   | 0       |
|    select_ln176_1_fu_767_p3              |     |        | select_ln176_1  | select    | auto_sel                 | 0       |
|  + cnn_accel_Pipeline_DN_OC_DN_IC        | 2   |        |                 |           |                          |         |
|    icmp_ln191_fu_517_p2                  |     |        | icmp_ln191      | seteq     | auto                     | 0       |
|    add_ln191_1_fu_523_p2                 |     |        | add_ln191_1     | add       | fabric                   | 0       |
|    add_ln191_fu_540_p2                   |     |        | add_ln191       | add       | fabric                   | 0       |
|    icmp_ln193_fu_546_p2                  |     |        | icmp_ln193      | seteq     | auto                     | 0       |
|    select_ln191_fu_552_p3                |     |        | select_ln191    | select    | auto_sel                 | 0       |
|    select_ln191_1_fu_772_p3              |     |        | select_ln191_1  | select    | auto_sel                 | 0       |
|    select_ln191_2_fu_779_p3              |     |        | select_ln191_2  | select    | auto_sel                 | 0       |
|    select_ln191_3_fu_786_p3              |     |        | select_ln191_3  | select    | auto_sel                 | 0       |
|    select_ln191_4_fu_793_p3              |     |        | select_ln191_4  | select    | auto_sel                 | 0       |
|    select_ln191_5_fu_560_p3              |     |        | select_ln191_5  | select    | auto_sel                 | 0       |
|    first_iter_10_fu_568_p2               |     |        | first_iter_10   | seteq     | auto                     | 0       |
|    sparsemux_9_2_8_1_1_x_U75             |     |        | acc_1           | sparsemux | compactencoding_dontcare | 0       |
|    select_ln193_fu_827_p3                |     |        | select_ln193    | select    | auto_sel                 | 0       |
|    sparsemux_65_5_32_1_1_U74             |     |        | tmp_4           | sparsemux | compactencoding_dontcare | 0       |
|    add_ln195_fu_698_p2                   |     |        | add_ln195       | add       | fabric                   | 0       |
|    mul_32s_8s_32_2_1_U73                 | 2   |        | mul_ln195       | mul       | auto                     | 1       |
|    logit_fu_834_p2                       |     |        | logit           | add       | fabric                   | 0       |
|    add_ln193_fu_709_p2                   |     |        | add_ln193       | add       | fabric                   | 0       |
|    icmp_ln193_1_fu_715_p2                |     |        | icmp_ln193_1    | seteq     | auto                     | 0       |
+------------------------------------------+-----+--------+-----------------+-----------+--------------------------+---------+


================================================================
== Storage Report
================================================================
+-----------------------------------------+--------------+-----------+------+------+--------+----------+--------+---------+------------------+
| Name                                    | Usage        | Type      | BRAM | URAM | Pragma | Variable | Impl   | Latency | Bitwidth, Depth, |
|                                         |              |           |      |      |        |          |        |         | Banks            |
+-----------------------------------------+--------------+-----------+------+------+--------+----------+--------+---------+------------------+
| + cnn_accel                             |              |           | 70   | 0    |        |          |        |         |                  |
|   CTRL_s_axi_U                          | interface    | s_axilite |      |      |        |          |        |         |                  |
|   control_s_axi_U                       | interface    | s_axilite |      |      |        |          |        |         |                  |
|   MBUS_m_axi_U                          | interface    | m_axi     | 2    |      |        |          |        |         |                  |
|   fm0_U                                 | ram_2p array |           | 1    |      | yes    | fm0      | bram   | 1       | 8, 1024, 1       |
|   fm0_1_U                               | ram_2p array |           | 1    |      | yes    | fm0_1    | bram   | 1       | 8, 1024, 1       |
|   fm0_2_U                               | ram_2p array |           | 1    |      | yes    | fm0_2    | bram   | 1       | 8, 1024, 1       |
|   fm0_3_U                               | ram_2p array |           | 1    |      | yes    | fm0_3    | bram   | 1       | 8, 1024, 1       |
|   fm1_U                                 | ram_1p array |           | 8    |      |        | fm1      | auto   | 1       | 8, 16384, 1      |
|   fm1_1_U                               | ram_1p array |           | 8    |      |        | fm1_1    | auto   | 1       | 8, 16384, 1      |
|   fm1_2_U                               | ram_1p array |           | 8    |      |        | fm1_2    | auto   | 1       | 8, 16384, 1      |
|   fm1_3_U                               | ram_1p array |           | 8    |      |        | fm1_3    | auto   | 1       | 8, 16384, 1      |
|   fm2_U                                 | ram_2p array |           | 8    |      | yes    | fm2      | bram   | 1       | 8, 16384, 1      |
|   fm3_U                                 | ram_1p array |           | 4    |      |        | fm3      | auto   | 1       | 8, 8192, 1       |
|   fm3_1_U                               | ram_1p array |           | 4    |      |        | fm3_1    | auto   | 1       | 8, 8192, 1       |
|   fm3_2_U                               | ram_1p array |           | 4    |      |        | fm3_2    | auto   | 1       | 8, 8192, 1       |
|   fm3_3_U                               | ram_1p array |           | 4    |      |        | fm3_3    | auto   | 1       | 8, 8192, 1       |
|   fm4_U                                 | ram_2p array |           | 4    |      | yes    | fm4      | bram   | 1       | 8, 8192, 1       |
|   c1_b_U                                | rom_1p       |           |      |      | pragma | c1_b     | lutram | 1       | 12, 16, 1        |
|   c2_b_U                                | rom_1p       |           |      |      | pragma | c2_b     | lutram | 1       | 13, 32, 1        |
|  + cnn_accel_Pipeline_C1_KY_C1_KX       |              |           | 0    | 0    |        |          |        |         |                  |
|    c1_w_U                               | rom_1p       |           |      |      | pragma | c1_w     | lutram | 1       | 8, 144, 1        |
|  + cnn_accel_Pipeline_C2_KY_C2_KX_C2_IC |              |           | 4    | 0    |        |          |        |         |                  |
|    c2_w_U                               | rom_1p       |           | 4    |      | pragma | c2_w     | bram   | 1       | 8, 4608, 1       |
|  + cnn_accel_Pipeline_DN_OC_DN_IC       |              |           | 0    | 0    |        |          |        |         |                  |
|    d_w_U                                | rom_1p       |           |      |      | pragma | d_w      | lutram | 1       | 8, 128, 1        |
+-----------------------------------------+--------------+-----------+------+------+--------+----------+--------+---------+------------------+


================================================================
== Pragma Report
================================================================
* Inferred Pragmas
+-----------------+-----------------------------------------+-----------------------------------------------------------------------------------------------------------------------+-----------------------------------------------------+
| Type            | Options                                 | Location                                                                                                              | Inferred From                                       |
+-----------------+-----------------------------------------+-----------------------------------------------------------------------------------------------------------------------+-----------------------------------------------------+
| ARRAY_PARTITION | dim=2 type=cyclic factor=4 variable=fm0 | variable fm0 in cnn_accel (C:/Users/yaduv/Downloads/cnn_accel.cpp:32)                                                 | pipeline C:/Users/yaduv/Downloads/cnn_accel.cpp:52  |
| LOOP_FLATTEN    |                                         | loop RD_ROW (C:/Users/yaduv/Downloads/cnn_accel.cpp:50:13) in cnn_accel (C:/Users/yaduv/Downloads/cnn_accel.cpp:50)   | pipeline C:/Users/yaduv/Downloads/cnn_accel.cpp:52  |
| LOOP_FLATTEN    |                                         | loop C1_KY (C:/Users/yaduv/Downloads/cnn_accel.cpp:80:24) in cnn_accel (C:/Users/yaduv/Downloads/cnn_accel.cpp:80)    | pipeline C:/Users/yaduv/Downloads/cnn_accel.cpp:82  |
| LOOP_FLATTEN    |                                         | loop P1_OH (C:/Users/yaduv/Downloads/cnn_accel.cpp:106:16) in cnn_accel (C:/Users/yaduv/Downloads/cnn_accel.cpp:106)  | pipeline C:/Users/yaduv/Downloads/cnn_accel.cpp:108 |
| LOOP_FLATTEN    |                                         | loop P1_IC (C:/Users/yaduv/Downloads/cnn_accel.cpp:105:12) in cnn_accel (C:/Users/yaduv/Downloads/cnn_accel.cpp:105)  | pipeline C:/Users/yaduv/Downloads/cnn_accel.cpp:108 |
| LOOP_FLATTEN    |                                         | loop C2_KX (C:/Users/yaduv/Downloads/cnn_accel.cpp:130:28) in cnn_accel (C:/Users/yaduv/Downloads/cnn_accel.cpp:130)  | pipeline C:/Users/yaduv/Downloads/cnn_accel.cpp:132 |
| LOOP_FLATTEN    |                                         | loop C2_KY (C:/Users/yaduv/Downloads/cnn_accel.cpp:129:24) in cnn_accel (C:/Users/yaduv/Downloads/cnn_accel.cpp:129)  | pipeline C:/Users/yaduv/Downloads/cnn_accel.cpp:132 |
| LOOP_FLATTEN    |                                         | loop P2_OH (C:/Users/yaduv/Downloads/cnn_accel.cpp:154:16) in cnn_accel (C:/Users/yaduv/Downloads/cnn_accel.cpp:154)  | pipeline C:/Users/yaduv/Downloads/cnn_accel.cpp:156 |
| LOOP_FLATTEN    |                                         | loop P2_IC (C:/Users/yaduv/Downloads/cnn_accel.cpp:153:12) in cnn_accel (C:/Users/yaduv/Downloads/cnn_accel.cpp:153)  | pipeline C:/Users/yaduv/Downloads/cnn_accel.cpp:156 |
| LOOP_FLATTEN    |                                         | loop GAP_H (C:/Users/yaduv/Downloads/cnn_accel.cpp:176:16) in cnn_accel (C:/Users/yaduv/Downloads/cnn_accel.cpp:176)  | pipeline C:/Users/yaduv/Downloads/cnn_accel.cpp:178 |
| LOOP_FLATTEN    |                                         | loop GAP_IC (C:/Users/yaduv/Downloads/cnn_accel.cpp:174:13) in cnn_accel (C:/Users/yaduv/Downloads/cnn_accel.cpp:174) | pipeline C:/Users/yaduv/Downloads/cnn_accel.cpp:178 |
| LOOP_FLATTEN    |                                         | loop DN_OC (C:/Users/yaduv/Downloads/cnn_accel.cpp:191:12) in cnn_accel (C:/Users/yaduv/Downloads/cnn_accel.cpp:191)  | pipeline C:/Users/yaduv/Downloads/cnn_accel.cpp:194 |
+-----------------+-----------------------------------------+-----------------------------------------------------------------------------------------------------------------------+-----------------------------------------------------+

* Valid Pragma Syntax
+-----------------+---------------------------------------------------------------------------------------------------------+-----------------------------------------------------------+
| Type            | Options                                                                                                 | Location                                                  |
+-----------------+---------------------------------------------------------------------------------------------------------+-----------------------------------------------------------+
| INTERFACE       | m_axi port=in_bram bundle=MBUS offset=slave depth=1024 max_read_burst_length=256 num_read_outstanding=4 | in cnn_accel (C:/Users/yaduv/Downloads/cnn_accel.cpp:17)  |
| INTERFACE       | s_axilite port=cls_out bundle=CTRL                                                                      | in cnn_accel (C:/Users/yaduv/Downloads/cnn_accel.cpp:20)  |
| INTERFACE       | s_axilite port=return bundle=CTRL                                                                       | in cnn_accel (C:/Users/yaduv/Downloads/cnn_accel.cpp:21)  |
| BIND_STORAGE    | variable=c2_w type=ROM_1P impl=BRAM                                                                     | in cnn_accel (C:/Users/yaduv/Downloads/cnn_accel.cpp:24)  |
| BIND_STORAGE    | variable=c1_w type=ROM_1P impl=LUTRAM                                                                   | in cnn_accel (C:/Users/yaduv/Downloads/cnn_accel.cpp:25)  |
| BIND_STORAGE    | variable=c1_b type=ROM_1P impl=LUTRAM                                                                   | in cnn_accel (C:/Users/yaduv/Downloads/cnn_accel.cpp:26)  |
| BIND_STORAGE    | variable=c2_b type=ROM_1P impl=LUTRAM                                                                   | in cnn_accel (C:/Users/yaduv/Downloads/cnn_accel.cpp:27)  |
| BIND_STORAGE    | variable=d_w type=ROM_1P impl=LUTRAM                                                                    | in cnn_accel (C:/Users/yaduv/Downloads/cnn_accel.cpp:28)  |
| ARRAY_PARTITION | variable=d_b complete dim=1                                                                             | in cnn_accel (C:/Users/yaduv/Downloads/cnn_accel.cpp:29)  |
| ARRAY_PARTITION | variable=fm1 cyclic factor=2 dim=2                                                                      | in cnn_accel (C:/Users/yaduv/Downloads/cnn_accel.cpp:38)  |
| ARRAY_PARTITION | variable=fm1 cyclic factor=2 dim=3                                                                      | in cnn_accel (C:/Users/yaduv/Downloads/cnn_accel.cpp:39)  |
| ARRAY_PARTITION | variable=fm3 cyclic factor=2 dim=2                                                                      | in cnn_accel (C:/Users/yaduv/Downloads/cnn_accel.cpp:40)  |
| ARRAY_PARTITION | variable=fm3 cyclic factor=2 dim=3                                                                      | in cnn_accel (C:/Users/yaduv/Downloads/cnn_accel.cpp:41)  |
| BIND_STORAGE    | variable=fm0 type=RAM_2P impl=BRAM                                                                      | in cnn_accel (C:/Users/yaduv/Downloads/cnn_accel.cpp:43)  |
| BIND_STORAGE    | variable=fm2 type=RAM_2P impl=BRAM                                                                      | in cnn_accel (C:/Users/yaduv/Downloads/cnn_accel.cpp:44)  |
| BIND_STORAGE    | variable=fm4 type=RAM_2P impl=BRAM                                                                      | in cnn_accel (C:/Users/yaduv/Downloads/cnn_accel.cpp:45)  |
| PIPELINE        | ii=1                                                                                                    | in cnn_accel (C:/Users/yaduv/Downloads/cnn_accel.cpp:52)  |
| PIPELINE        | ii=1                                                                                                    | in cnn_accel (C:/Users/yaduv/Downloads/cnn_accel.cpp:82)  |
| PIPELINE        | ii=1                                                                                                    | in cnn_accel (C:/Users/yaduv/Downloads/cnn_accel.cpp:108) |
| PIPELINE        | ii=1                                                                                                    | in cnn_accel (C:/Users/yaduv/Downloads/cnn_accel.cpp:132) |
| PIPELINE        | ii=1                                                                                                    | in cnn_accel (C:/Users/yaduv/Downloads/cnn_accel.cpp:156) |
| ARRAY_PARTITION | variable=gap complete dim=1                                                                             | in cnn_accel (C:/Users/yaduv/Downloads/cnn_accel.cpp:172) |
| PIPELINE        | ii=1                                                                                                    | in cnn_accel (C:/Users/yaduv/Downloads/cnn_accel.cpp:178) |
| ARRAY_PARTITION | variable=logit complete dim=1                                                                           | in cnn_accel (C:/Users/yaduv/Downloads/cnn_accel.cpp:189) |
| PIPELINE        | ii=1                                                                                                    | in cnn_accel (C:/Users/yaduv/Downloads/cnn_accel.cpp:194) |
+-----------------+---------------------------------------------------------------------------------------------------------+-----------------------------------------------------------+


